[11Jul2026 08:21:17.891] [main/INFO] [cpw.mods.modlauncher.Launcher/MODLAUNCHER]: ModLauncher running: args [--launchTarget, forgeclientuserdev, --version, 21.0.37-beta, --assetIndex, 17, --assetsDir, C:\\Users\\omart\\.gradle\\caches\\neoformruntime\\assets, --gameDir, ., --fml.neoForgeVersion, 21.0.37-beta, --fml.fmlVersion, 4.0.6, --fml.mcVersion, 1.21, --fml.neoFormVersion, 20240613.152323]
[11Jul2026 08:21:17.895] [main/INFO] [cpw.mods.modlauncher.Launcher/MODLAUNCHER]: JVM identified as Eclipse Adoptium OpenJDK 64-Bit Server VM 21.0.11+10-LTS
[11Jul2026 08:21:17.897] [main/INFO] [cpw.mods.modlauncher.Launcher/MODLAUNCHER]: ModLauncher 11.0.3+main.0f24dec3 starting: java version 21.0.11 by Eclipse Adoptium; OS Windows 11 arch amd64 version 10.0
[11Jul2026 08:21:18.087] [main/INFO] [net.neoforged.fml.loading.ImmediateWindowHandler/]: Loading ImmediateWindowProvider fmlearlywindow
[11Jul2026 08:21:18.269] [main/INFO] [EARLYDISPLAY/]: Trying GL version 4.6
[11Jul2026 08:21:18.651] [main/INFO] [EARLYDISPLAY/]: Requested GL version 4.6 got version 4.6
[11Jul2026 08:21:18.826] [main/INFO] [mixin/]: SpongePowered MIXIN Subsystem Version=0.8.5 Source=union:/C:/Users/omart/.gradle/caches/modules-2/files-2.1/net.fabricmc/sponge-mixin/0.13.4+mixin.0.8.5/8adf0cff1795a169141b9e16ad7b9f6e2527a990/sponge-mixin-0.13.4+mixin.0.8.5.jar%23131!/ Service=ModLauncher Env=CLIENT
[11Jul2026 08:21:19.022] [pool-2-thread-1/INFO] [EARLYDISPLAY/]: GL info: NVIDIA GeForce GTX 1650 Ti/PCIe/SSE2 GL version 4.6.0 NVIDIA 610.62, NVIDIA Corporation
[11Jul2026 08:21:19.377] [main/INFO] [net.neoforged.fml.loading.moddiscovery.locators.JarInJarDependencyLocator/]: Found 1 dependencies adding them to mods collection
[11Jul2026 08:21:19.639] [main/INFO] [net.neoforged.fml.loading.FMLServiceProvider/CORE]: Loading coremod script-engine for [neoforge]
[11Jul2026 08:21:21.569] [main/INFO] [mixin/]: Compatibility level set to JAVA_18
[11Jul2026 08:21:21.571] [main/INFO] [mixin/]: Compatibility level set to JAVA_21
[11Jul2026 08:21:21.575] [main/INFO] [cpw.mods.modlauncher.LaunchServiceHandler/MODLAUNCHER]: Launching target 'forgeclientuserdev' with arguments [--version, 21.0.37-beta, --gameDir, ., --assetsDir, C:\Users\omart\.gradle\caches\neoformruntime\assets, --assetIndex, 17]
[11Jul2026 08:21:21.629] [main/WARN] [mixin/]: Reference map 'interactivestuff.refmap.json' for interactivestuff.mixins.json could not be read. If this is a development environment you can ignore this message
[11Jul2026 08:21:23.314] [Datafixer Bootstrap/INFO] [com.mojang.datafixers.DataFixerBuilder/]: 229 Datafixer optimizations took 367 milliseconds
[11Jul2026 08:21:30.285] [main/WARN] [net.minecraft.commands.Commands/]: Ambiguity between arguments [teleport, location] and [teleport, destination] with inputs: [0.1 -0.5 .9, 0 0 0]
[11Jul2026 08:21:30.288] [main/WARN] [net.minecraft.commands.Commands/]: Ambiguity between arguments [teleport, location] and [teleport, targets] with inputs: [0.1 -0.5 .9, 0 0 0]
[11Jul2026 08:21:30.293] [main/WARN] [net.minecraft.commands.Commands/]: Ambiguity between arguments [teleport, destination] and [teleport, targets] with inputs: [Player, 0123, @e, dd12be42-52a9-4a91-a8a1-11c01849e498]
[11Jul2026 08:21:30.294] [main/WARN] [net.minecraft.commands.Commands/]: Ambiguity between arguments [teleport, targets] and [teleport, destination] with inputs: [Player, 0123, dd12be42-52a9-4a91-a8a1-11c01849e498]
[11Jul2026 08:21:30.297] [main/WARN] [net.minecraft.commands.Commands/]: Ambiguity between arguments [teleport, targets, location] and [teleport, targets, destination] with inputs: [0.1 -0.5 .9, 0 0 0]
[11Jul2026 08:21:30.349] [Render thread/INFO] [MixinExtras|Service/]: Initializing MixinExtras via com.llamalad7.mixinextras.service.MixinExtrasServiceImpl(version=0.3.5).
[11Jul2026 08:21:30.592] [Render thread/WARN] [net.minecraft.server.packs.VanillaPackResourcesBuilder/]: Assets URL 'union:/D:/Projects/Java/InteractiveStuff/neoforge/build/moddev/artifacts/neoforge-21.0.37-beta-minecraft-merged.jar%23184!/assets/.mcassetsroot' uses unexpected schema
[11Jul2026 08:21:30.593] [Render thread/WARN] [net.minecraft.server.packs.VanillaPackResourcesBuilder/]: Assets URL 'union:/D:/Projects/Java/InteractiveStuff/neoforge/build/moddev/artifacts/neoforge-21.0.37-beta-minecraft-merged.jar%23184!/data/.mcassetsroot' uses unexpected schema
[11Jul2026 08:21:30.642] [Render thread/INFO] [com.mojang.authlib.yggdrasil.YggdrasilAuthenticationService/]: Environment: Environment[sessionHost=https://sessionserver.mojang.com, servicesHost=https://api.minecraftservices.com, name=PROD]
[11Jul2026 08:21:30.654] [Render thread/INFO] [net.minecraft.client.Minecraft/]: Setting user: Dev
[11Jul2026 08:21:30.787] [Render thread/INFO] [net.minecraft.client.Minecraft/]: Backend library: LWJGL version 3.3.3+5
[11Jul2026 08:21:31.122] [modloading-worker-0/INFO] [InteractiveStuff/]: Hello NeoForge world!
[11Jul2026 08:21:31.128] [modloading-worker-0/INFO] [InteractiveStuff/]: Hello from Common init on NeoForge! we are currently in a development environment!
[11Jul2026 08:21:31.129] [modloading-worker-0/INFO] [InteractiveStuff/]: The ID for diamonds is minecraft:diamond
[11Jul2026 08:21:31.129] [modloading-worker-0/INFO] [InteractiveStuff/]: Hello to interactivestuff
[11Jul2026 08:21:31.147] [modloading-worker-0/INFO] [net.neoforged.neoforge.common.NeoForgeMod/NEOFORGE-MOD]: NeoForge mod loading, version 21.0.37-beta, for MC 1.21
[11Jul2026 08:21:32.332] [Render thread/INFO] [net.neoforged.neoforge.gametest.GameTestHooks/]: Enabled Gametest Namespaces: [interactivestuff]
[11Jul2026 08:21:32.521] [Render thread/INFO] [net.minecraft.server.packs.resources.ReloadableResourceManager/]: Reloading ResourceManager: vanilla, mod_resources, mod/interactivestuff, mod/neoforge
[11Jul2026 08:21:32.669] [Worker-Main-1/INFO] [net.minecraft.client.gui.font.providers.UnihexProvider/]: Found unifont_all_no_pua-15.1.05.hex, loading
[11Jul2026 08:21:33.069] [Worker-Main-4/INFO] [net.minecraft.client.gui.font.providers.UnihexProvider/]: Found unifont_jp_patch-15.1.05.hex, loading
[11Jul2026 08:21:35.333] [Render thread/WARN] [net.minecraft.client.sounds.SoundEngine/]: Missing sound for event: minecraft:item.goat_horn.play
[11Jul2026 08:21:35.334] [Render thread/WARN] [net.minecraft.client.sounds.SoundEngine/]: Missing sound for event: minecraft:entity.goat.screaming.horn_break
[11Jul2026 08:21:35.717] [Render thread/INFO] [com.mojang.blaze3d.audio.Library/]: OpenAL initialized on device OpenAL Soft on Speakers (USB PnP Audio Device)
[11Jul2026 08:21:35.718] [Render thread/INFO] [net.minecraft.client.sounds.SoundEngine/SOUNDS]: Sound engine started
[11Jul2026 08:21:36.028] [Render thread/INFO] [net.minecraft.client.renderer.texture.TextureAtlas/]: Created: 1024x512x4 minecraft:textures/atlas/blocks.png-atlas
[11Jul2026 08:21:36.043] [Render thread/INFO] [net.minecraft.client.renderer.texture.TextureAtlas/]: Created: 256x256x4 minecraft:textures/atlas/signs.png-atlas
[11Jul2026 08:21:36.044] [Render thread/INFO] [net.minecraft.client.renderer.texture.TextureAtlas/]: Created: 512x512x4 minecraft:textures/atlas/banner_patterns.png-atlas
[11Jul2026 08:21:36.046] [Render thread/INFO] [net.minecraft.client.renderer.texture.TextureAtlas/]: Created: 512x512x4 minecraft:textures/atlas/shield_patterns.png-atlas
[11Jul2026 08:21:36.047] [Render thread/INFO] [net.minecraft.client.renderer.texture.TextureAtlas/]: Created: 1024x1024x4 minecraft:textures/atlas/armor_trims.png-atlas
[11Jul2026 08:21:36.053] [Render thread/INFO] [net.minecraft.client.renderer.texture.TextureAtlas/]: Created: 256x256x4 minecraft:textures/atlas/chest.png-atlas
[11Jul2026 08:21:36.053] [Render thread/INFO] [net.minecraft.client.renderer.texture.TextureAtlas/]: Created: 128x64x4 minecraft:textures/atlas/decorated_pot.png-atlas
[11Jul2026 08:21:36.054] [Render thread/INFO] [net.minecraft.client.renderer.texture.TextureAtlas/]: Created: 512x256x4 minecraft:textures/atlas/shulker_boxes.png-atlas
[11Jul2026 08:21:36.055] [Render thread/INFO] [net.minecraft.client.renderer.texture.TextureAtlas/]: Created: 512x256x4 minecraft:textures/atlas/beds.png-atlas
[11Jul2026 08:21:36.452] [Render thread/INFO] [net.minecraft.client.renderer.texture.TextureAtlas/]: Created: 512x256x0 minecraft:textures/atlas/particles.png-atlas
[11Jul2026 08:21:36.454] [Render thread/INFO] [net.minecraft.client.renderer.texture.TextureAtlas/]: Created: 512x256x0 minecraft:textures/atlas/paintings.png-atlas
[11Jul2026 08:21:36.455] [Render thread/INFO] [net.minecraft.client.renderer.texture.TextureAtlas/]: Created: 256x128x0 minecraft:textures/atlas/mob_effects.png-atlas
[11Jul2026 08:21:36.455] [Render thread/INFO] [net.minecraft.client.renderer.texture.TextureAtlas/]: Created: 64x64x0 minecraft:textures/atlas/map_decorations.png-atlas
[11Jul2026 08:21:36.456] [Render thread/INFO] [net.minecraft.client.renderer.texture.TextureAtlas/]: Created: 1024x512x0 minecraft:textures/atlas/gui.png-atlas
[11Jul2026 08:21:36.526] [Render thread/WARN] [net.minecraft.client.renderer.ShaderInstance/]: Shader rendertype_entity_translucent_emissive could not find sampler named Sampler2 in the specified shader program.
[11Jul2026 08:21:36.701] [Render thread/INFO] [InteractiveStuff/]: This line is printed by the InteractiveStuff mixin from NeoForge!
[11Jul2026 08:21:36.702] [Render thread/INFO] [InteractiveStuff/]: MC Version: release
[11Jul2026 08:21:36.722] [Render thread/INFO] [InteractiveStuff/]: This line is printed by the InteractiveStuff mixin from NeoForge!
[11Jul2026 08:21:36.723] [Render thread/INFO] [InteractiveStuff/]: MC Version: release
[11Jul2026 08:21:43.340] [Render thread/INFO] [net.minecraft.world.item.crafting.RecipeManager/]: Loaded 1290 recipes
[11Jul2026 08:21:43.596] [Render thread/INFO] [net.minecraft.advancements.AdvancementTree/]: Loaded 1399 advancements
[11Jul2026 08:21:47.854] [Server thread/INFO] [net.minecraft.client.server.IntegratedServer/]: Starting integrated minecraft server version 1.21
[11Jul2026 08:21:47.854] [Server thread/INFO] [net.minecraft.server.MinecraftServer/]: Generating keypair
[11Jul2026 08:21:47.905] [Server thread/WARN] [net.neoforged.neoforge.common.ModConfigSpec/CORE]: Configuration file D:\Projects\Java\InteractiveStuff\neoforge\run\config\neoforge-server.toml is not correct. Correcting
[11Jul2026 08:21:47.906] [Server thread/WARN] [net.neoforged.neoforge.common.ModConfigSpec/CORE]: Incorrect key server was corrected from null to its default, SimpleCommentedConfig:{}. 
[11Jul2026 08:21:47.907] [Server thread/WARN] [net.neoforged.neoforge.common.ModConfigSpec/CORE]: Incorrect key server.removeErroringBlockEntities was corrected from null to its default, false. 
[11Jul2026 08:21:47.907] [Server thread/WARN] [net.neoforged.neoforge.common.ModConfigSpec/CORE]: Incorrect key server.removeErroringEntities was corrected from null to its default, false. 
[11Jul2026 08:21:47.907] [Server thread/WARN] [net.neoforged.neoforge.common.ModConfigSpec/CORE]: Incorrect key server.fullBoundingBoxLadders was corrected from null to its default, false. 
[11Jul2026 08:21:47.907] [Server thread/WARN] [net.neoforged.neoforge.common.ModConfigSpec/CORE]: Incorrect key server.permissionHandler was corrected from null to its default, neoforge:default_handler. 
[11Jul2026 08:21:47.908] [Server thread/WARN] [net.neoforged.neoforge.common.ModConfigSpec/CORE]: Incorrect key server.advertiseDedicatedServerToLan was corrected from null to its default, true. 
[11Jul2026 08:21:48.476] [Server thread/INFO] [net.minecraft.server.MinecraftServer/]: Preparing start region for dimension minecraft:overworld
[11Jul2026 08:21:48.513] [progressListener/INFO] [net.minecraft.server.level.progress.LoggerChunkProgressListener/]: Preparing spawn area: 2%
[11Jul2026 08:21:49.304] [progressListener/INFO] [net.minecraft.server.level.progress.LoggerChunkProgressListener/]: Preparing spawn area: 51%
[11Jul2026 08:21:49.373] [Server thread/INFO] [net.neoforged.neoforge.server.permission.PermissionAPI/]: Successfully initialized permission handler neoforge:default_handler
[11Jul2026 08:21:49.388] [progressListener/INFO] [net.minecraft.server.level.progress.LoggerChunkProgressListener/]: Time elapsed: 893 ms
[11Jul2026 08:21:49.460] [Server thread/INFO] [net.minecraft.client.server.IntegratedServer/]: Changing view distance to 12, from 10
[11Jul2026 08:21:49.460] [Server thread/INFO] [net.minecraft.client.server.IntegratedServer/]: Changing simulation distance to 12, from 0
[11Jul2026 08:21:50.387] [Server thread/INFO] [net.minecraft.server.players.PlayerList/]: Dev[local:E:fc91eb55] logged in with entity id 1 at (-4.5, -60.0, -9.5)
[11Jul2026 08:21:50.445] [Server thread/INFO] [net.minecraft.server.MinecraftServer/]: Dev joined the game
[11Jul2026 08:21:51.172] [Render thread/INFO] [net.minecraft.advancements.AdvancementTree/]: Loaded 2 advancements
[11Jul2026 08:21:55.378] [Server thread/INFO] [net.minecraft.client.server.IntegratedServer/]: Saving and pausing game...
[11Jul2026 08:21:55.492] [Server thread/INFO] [net.minecraft.server.MinecraftServer/]: Saving chunks for level 'ServerLevel[New World]'/minecraft:overworld
[11Jul2026 08:21:55.604] [Server thread/INFO] [net.minecraft.server.MinecraftServer/]: Saving chunks for level 'ServerLevel[New World]'/minecraft:the_end
[11Jul2026 08:21:55.714] [Server thread/INFO] [net.minecraft.server.MinecraftServer/]: Saving chunks for level 'ServerLevel[New World]'/minecraft:the_nether
[11Jul2026 08:21:59.427] [Server thread/INFO] [net.minecraft.client.server.IntegratedServer/]: Saving and pausing game...
[11Jul2026 08:21:59.479] [Server thread/INFO] [net.minecraft.server.MinecraftServer/]: Saving chunks for level 'ServerLevel[New World]'/minecraft:overworld
[11Jul2026 08:21:59.600] [Server thread/INFO] [net.minecraft.server.MinecraftServer/]: Saving chunks for level 'ServerLevel[New World]'/minecraft:the_end
[11Jul2026 08:21:59.713] [Server thread/INFO] [net.minecraft.server.MinecraftServer/]: Saving chunks for level 'ServerLevel[New World]'/minecraft:the_nether
[11Jul2026 08:21:59.906] [Server thread/INFO] [net.minecraft.server.network.ServerGamePacketListenerImpl/]: Dev lost connection: Disconnected
[11Jul2026 08:21:59.906] [Server thread/INFO] [net.minecraft.server.MinecraftServer/]: Dev left the game
[11Jul2026 08:21:59.985] [Server thread/INFO] [net.minecraft.server.network.ServerCommonPacketListenerImpl/]: Stopping singleplayer server as player logged out
[11Jul2026 08:22:00.012] [Server thread/INFO] [net.minecraft.server.MinecraftServer/]: Stopping server
[11Jul2026 08:22:00.012] [Server thread/INFO] [net.minecraft.server.MinecraftServer/]: Saving players
[11Jul2026 08:22:00.012] [Server thread/INFO] [net.minecraft.server.MinecraftServer/]: Saving worlds
[11Jul2026 08:22:03.988] [Server thread/INFO] [net.minecraft.server.MinecraftServer/]: Saving chunks for level 'ServerLevel[New World]'/minecraft:overworld
[11Jul2026 08:22:04.628] [Server thread/INFO] [net.minecraft.server.MinecraftServer/]: Saving chunks for level 'ServerLevel[New World]'/minecraft:the_end
[11Jul2026 08:22:04.687] [Server thread/INFO] [net.minecraft.server.MinecraftServer/]: Saving chunks for level 'ServerLevel[New World]'/minecraft:the_nether
[11Jul2026 08:22:04.790] [Server thread/INFO] [net.minecraft.server.MinecraftServer/]: ThreadedAnvilChunkStorage (New World): All chunks are saved
[11Jul2026 08:22:04.790] [Server thread/INFO] [net.minecraft.server.MinecraftServer/]: ThreadedAnvilChunkStorage (DIM1): All chunks are saved
[11Jul2026 08:22:04.790] [Server thread/INFO] [net.minecraft.server.MinecraftServer/]: ThreadedAnvilChunkStorage (DIM-1): All chunks are saved
[11Jul2026 08:22:04.790] [Server thread/INFO] [net.minecraft.server.MinecraftServer/]: ThreadedAnvilChunkStorage: All dimensions are saved
[11Jul2026 08:22:05.202] [Render thread/INFO] [InteractiveStuff/]: This line is printed by the InteractiveStuff mixin from NeoForge!
[11Jul2026 08:22:05.203] [Render thread/INFO] [InteractiveStuff/]: MC Version: release
[11Jul2026 08:22:05.204] [Render thread/INFO] [net.minecraft.client.Minecraft/]: Stopping!
